Archive member included to satisfy reference by file (symbol)

C:/ST/STM32CubeIDE_2.1.0/STM32CubeIDE/plugins/com.st.stm32cube.ide.mcu.externaltools.gnu-tools-for-stm32.14.3.rel1.win32_1.0.100.202602081740/tools/bin/../lib/gcc/arm-none-eabi/14.3.1/../../../../arm-none-eabi/lib/thumb/v7e-m+fp/hard\libc_nano.a(libc_a-exit.o)
                              C:/ST/STM32CubeIDE_2.1.0/STM32CubeIDE/plugins/com.st.stm32cube.ide.mcu.externaltools.gnu-tools-for-stm32.14.3.rel1.win32_1.0.100.202602081740/tools/bin/../lib/gcc/arm-none-eabi/14.3.1/../../../../arm-none-eabi/lib/thumb/v7e-m+fp/hard/crt0.o (exit)
C:/ST/STM32CubeIDE_2.1.0/STM32CubeIDE/plugins/com.st.stm32cube.ide.mcu.externaltools.gnu-tools-for-stm32.14.3.rel1.win32_1.0.100.202602081740/tools/bin/../lib/gcc/arm-none-eabi/14.3.1/../../../../arm-none-eabi/lib/thumb/v7e-m+fp/hard\libc_nano.a(libc_a-findfp.o)
                              C:/ST/STM32CubeIDE_2.1.0/STM32CubeIDE/plugins/com.st.stm32cube.ide.mcu.externaltools.gnu-tools-for-stm32.14.3.rel1.win32_1.0.100.202602081740/tools/bin/../lib/gcc/arm-none-eabi/14.3.1/../../../../arm-none-eabi/lib/thumb/v7e-m+fp/hard\libc_nano.a(libc_a-exit.o) (__stdio_exit_handler)
C:/ST/STM32CubeIDE_2.1.0/STM32CubeIDE/plugins/com.st.stm32cube.ide.mcu.externaltools.gnu-tools-for-stm32.14.3.rel1.win32_1.0.100.202602081740/tools/bin/../lib/gcc/arm-none-eabi/14.3.1/../../../../arm-none-eabi/lib/thumb/v7e-m+fp/hard\libc_nano.a(libc_a-fwalk.o)
                              C:/ST/STM32CubeIDE_2.1.0/STM32CubeIDE/plugins/com.st.stm32cube.ide.mcu.externaltools.gnu-tools-for-stm32.14.3.rel1.win32_1.0.100.202602081740/tools/bin/../lib/gcc/arm-none-eabi/14.3.1/../../../../arm-none-eabi/lib/thumb/v7e-m+fp/hard\libc_nano.a(libc_a-findfp.o) (_fwalk_sglue)
C:/ST/STM32CubeIDE_2.1.0/STM32CubeIDE/plugins/com.st.stm32cube.ide.mcu.externaltools.gnu-tools-for-stm32.14.3.rel1.win32_1.0.100.202602081740/tools/bin/../lib/gcc/arm-none-eabi/14.3.1/../../../../arm-none-eabi/lib/thumb/v7e-m+fp/hard\libc_nano.a(libc_a-stdio.o)
                              C:/ST/STM32CubeIDE_2.1.0/STM32CubeIDE/plugins/com.st.stm32cube.ide.mcu.externaltools.gnu-tools-for-stm32.14.3.rel1.win32_1.0.100.202602081740/tools/bin/../lib/gcc/arm-none-eabi/14.3.1/../../../../arm-none-eabi/lib/thumb/v7e-m+fp/hard\libc_nano.a(libc_a-findfp.o) (__sread)
C:/ST/STM32CubeIDE_2.1.0/STM32CubeIDE/plugins/com.st.stm32cube.ide.mcu.externaltools.gnu-tools-for-stm32.14.3.rel1.win32_1.0.100.202602081740/tools/bin/../lib/gcc/arm-none-eabi/14.3.1/../../../../arm-none-eabi/lib/thumb/v7e-m+fp/hard\libc_nano.a(libc_a-memset.o)
                              C:/ST/STM32CubeIDE_2.1.0/STM32CubeIDE/plugins/com.st.stm32cube.ide.mcu.externaltools.gnu-tools-for-stm32.14.3.rel1.win32_1.0.100.202602081740/tools/bin/../lib/gcc/arm-none-eabi/14.3.1/../../../../arm-none-eabi/lib/thumb/v7e-m+fp/hard/crt0.o (memset)
C:/ST/STM32CubeIDE_2.1.0/STM32CubeIDE/plugins/com.st.stm32cube.ide.mcu.externaltools.gnu-tools-for-stm32.14.3.rel1.win32_1.0.100.202602081740/tools/bin/../lib/gcc/arm-none-eabi/14.3.1/../../../../arm-none-eabi/lib/thumb/v7e-m+fp/hard\libc_nano.a(libc_a-closer.o)
                              C:/ST/STM32CubeIDE_2.1.0/STM32CubeIDE/plugins/com.st.stm32cube.ide.mcu.externaltools.gnu-tools-for-stm32.14.3.rel1.win32_1.0.100.202602081740/tools/bin/../lib/gcc/arm-none-eabi/14.3.1/../../../../arm-none-eabi/lib/thumb/v7e-m+fp/hard\libc_nano.a(libc_a-stdio.o) (_close_r)
C:/ST/STM32CubeIDE_2.1.0/STM32CubeIDE/plugins/com.st.stm32cube.ide.mcu.externaltools.gnu-tools-for-stm32.14.3.rel1.win32_1.0.100.202602081740/tools/bin/../lib/gcc/arm-none-eabi/14.3.1/../../../../arm-none-eabi/lib/thumb/v7e-m+fp/hard\libc_nano.a(libc_a-reent.o)
                              C:/ST/STM32CubeIDE_2.1.0/STM32CubeIDE/plugins/com.st.stm32cube.ide.mcu.externaltools.gnu-tools-for-stm32.14.3.rel1.win32_1.0.100.202602081740/tools/bin/../lib/gcc/arm-none-eabi/14.3.1/../../../../arm-none-eabi/lib/thumb/v7e-m+fp/hard\libc_nano.a(libc_a-closer.o) (errno)
C:/ST/STM32CubeIDE_2.1.0/STM32CubeIDE/plugins/com.st.stm32cube.ide.mcu.externaltools.gnu-tools-for-stm32.14.3.rel1.win32_1.0.100.202602081740/tools/bin/../lib/gcc/arm-none-eabi/14.3.1/../../../../arm-none-eabi/lib/thumb/v7e-m+fp/hard\libc_nano.a(libc_a-impure.o)
                              C:/ST/STM32CubeIDE_2.1.0/STM32CubeIDE/plugins/com.st.stm32cube.ide.mcu.externaltools.gnu-tools-for-stm32.14.3.rel1.win32_1.0.100.202602081740/tools/bin/../lib/gcc/arm-none-eabi/14.3.1/../../../../arm-none-eabi/lib/thumb/v7e-m+fp/hard\libc_nano.a(libc_a-reent.o) (_impure_ptr)
C:/ST/STM32CubeIDE_2.1.0/STM32CubeIDE/plugins/com.st.stm32cube.ide.mcu.externaltools.gnu-tools-for-stm32.14.3.rel1.win32_1.0.100.202602081740/tools/bin/../lib/gcc/arm-none-eabi/14.3.1/../../../../arm-none-eabi/lib/thumb/v7e-m+fp/hard\libc_nano.a(libc_a-lseekr.o)
[...]
Memory Configuration

Name             Origin             Length             Attributes
RAM              0x20000000         0x0001c000         xrw
FLASH            0x08000000         0x00080000         xr
*default*        0x00000000         0xffffffff

Linker script and memory map

LOAD C:/ST/STM32CubeIDE_2.1.0/STM32CubeIDE/plugins/com.st.stm32cube.ide.mcu.externaltools.gnu-tools-for-stm32.14.3.rel1.win32_1.0.100.202602081740/tools/bin/../lib/gcc/arm-none-eabi/14.3.1/thumb/v7e-m+fp/hard/crti.o
LOAD C:/ST/STM32CubeIDE_2.1.0/STM32CubeIDE/plugins/com.st.stm32cube.ide.mcu.externaltools.gnu-tools-for-stm32.14.3.rel1.win32_1.0.100.202602081740/tools/bin/../lib/gcc/arm-none-eabi/14.3.1/thumb/v7e-m+fp/hard/crtbegin.o
LOAD C:/ST/STM32CubeIDE_2.1.0/STM32CubeIDE/plugins/com.st.stm32cube.ide.mcu.externaltools.gnu-tools-for-stm32.14.3.rel1.win32_1.0.100.202602081740/tools/bin/../lib/gcc/arm-none-eabi/14.3.1/../../../../arm-none-eabi/lib/thumb/v7e-m+fp/hard/crt0.o
LOAD ./Core/Src/gpio.o
LOAD ./Core/Src/main.o
LOAD ./Core/Src/stm32g4xx_hal_msp.o
LOAD ./Core/Src/stm32g4xx_it.o
LOAD ./Core/Src/syscalls.o
LOAD ./Core/Src/sysmem.o
LOAD ./Core/Src/system_stm32g4xx.o
LOAD ./Core/Src/tim.o
LOAD ./Core/Startup/startup_stm32g491retx.o
LOAD ./Drivers/STM32G4xx_HAL_Driver/Src/stm32g4xx_hal.o
LOAD ./Drivers/STM32G4xx_HAL_Driver/Src/stm32g4xx_hal_cortex.o
LOAD ./Drivers/STM32G4xx_HAL_Driver/Src/stm32g4xx_hal_dma.o
LOAD ./Drivers/STM32G4xx_HAL_Driver/Src/stm32g4xx_hal_dma_ex.o
LOAD ./Drivers/STM32G4xx_HAL_Driver/Src/stm32g4xx_hal_exti.o
LOAD ./Drivers/STM32G4xx_HAL_Driver/Src/stm32g4xx_hal_flash.o
LOAD ./Drivers/STM32G4xx_HAL_Driver/Src/stm32g4xx_hal_flash_ex.o
LOAD ./Drivers/STM32G4xx_HAL_Driver/Src/stm32g4xx_hal_flash_ramfunc.o
LOAD ./Drivers/STM32G4xx_HAL_Driver/Src/stm32g4xx_hal_gpio.o
LOAD ./Drivers/STM32G4xx_HAL_Driver/Src/stm32g4xx_hal_pwr.o
LOAD ./Drivers/STM32G4xx_HAL_Driver/Src/stm32g4xx_hal_pwr_ex.o
LOAD ./Drivers/STM32G4xx_HAL_Driver/Src/stm32g4xx_hal_rcc.o
LOAD ./Drivers/STM32G4xx_HAL_Driver/Src/stm32g4xx_hal_rcc_ex.o
LOAD ./Drivers/STM32G4xx_HAL_Driver/Src/stm32g4xx_hal_tim.o
LOAD ./Drivers/STM32G4xx_HAL_Driver/Src/stm32g4xx_hal_tim_ex.o
START GROUP
LOAD C:/ST/STM32CubeIDE_2.1.0/STM32CubeIDE/plugins/com.st.stm32cube.ide.mcu.externaltools.gnu-tools-for-stm32.14.3.rel1.win32_1.0.100.202602081740/tools/bin/../lib/gcc/arm-none-eabi/14.3.1/../../../../arm-none-eabi/lib/thumb/v7e-m+fp/hard\libc_nano.a
LOAD C:/ST/STM32CubeIDE_2.1.0/STM32CubeIDE/plugins/com.st.stm32cube.ide.mcu.externaltools.gnu-tools-for-stm32.14.3.rel1.win32_1.0.100.202602081740/tools/bin/../lib/gcc/arm-none-eabi/14.3.1/../../../../arm-none-eabi/lib/thumb/v7e-m+fp/hard\libm.a
END GROUP
START GROUP
LOAD C:/ST/STM32CubeIDE_2.1.0/STM32CubeIDE/plugins/com.st.stm32cube.ide.mcu.externaltools.gnu-tools-for-stm32.14.3.rel1.win32_1.0.100.202602081740/tools/bin/../lib/gcc/arm-none-eabi/14.3.1/thumb/v7e-m+fp/hard\libgcc.a
LOAD C:/ST/STM32CubeIDE_2.1.0/STM32CubeIDE/plugins/com.st.stm32cube.ide.mcu.externaltools.gnu-tools-for-stm32.14.3.rel1.win32_1.0.100.202602081740/tools/bin/../lib/gcc/arm-none-eabi/14.3.1/../../../../arm-none-eabi/lib/thumb/v7e-m+fp/hard\libc_nano.a
END GROUP
START GROUP
LOAD C:/ST/STM32CubeIDE_2.1.0/STM32CubeIDE/plugins/com.st.stm32cube.ide.mcu.externaltools.gnu-tools-for-stm32.14.3.rel1.win32_1.0.100.202602081740/tools/bin/../lib/gcc/arm-none-eabi/14.3.1/thumb/v7e-m+fp/hard\libgcc.a
LOAD C:/ST/STM32CubeIDE_2.1.0/STM32CubeIDE/plugins/com.st.stm32cube.ide.mcu.externaltools.gnu-tools-for-stm32.14.3.rel1.win32_1.0.100.202602081740/tools/bin/../lib/gcc/arm-none-eabi/14.3.1/../../../../arm-none-eabi/lib/thumb/v7e-m+fp/hard\libc_nano.a
LOAD C:/ST/STM32CubeIDE_2.1.0/STM32CubeIDE/plugins/com.st.stm32cube.ide.mcu.externaltools.gnu-tools-for-stm32.14.3.rel1.win32_1.0.100.202602081740/tools/bin/../lib/gcc/arm-none-eabi/14.3.1/../../../../arm-none-eabi/lib/thumb/v7e-m+fp/hard\libnosys.a
END GROUP
START GROUP
LOAD C:/ST/STM32CubeIDE_2.1.0/STM32CubeIDE/plugins/com.st.stm32cube.ide.mcu.externaltools.gnu-tools-for-stm32.14.3.rel1.win32_1.0.100.202602081740/tools/bin/../lib/gcc/arm-none-eabi/14.3.1/thumb/v7e-m+fp/hard\libgcc.a
LOAD C:/ST/STM32CubeIDE_2.1.0/STM32CubeIDE/plugins/com.st.stm32cube.ide.mcu.externaltools.gnu-tools-for-stm32.14.3.rel1.win32_1.0.100.202602081740/tools/bin/../lib/gcc/arm-none-eabi/14.3.1/../../../../arm-none-eabi/lib/thumb/v7e-m+fp/hard\libc_nano.a
LOAD C:/ST/STM32CubeIDE_2.1.0/STM32CubeIDE/plugins/com.st.stm32cube.ide.mcu.externaltools.gnu-tools-for-stm32.14.3.rel1.win32_1.0.100.202602081740/tools/bin/../lib/gcc/arm-none-eabi/14.3.1/../../../../arm-none-eabi/lib/thumb/v7e-m+fp/hard\libnosys.a
END GROUP
LOAD C:/ST/STM32CubeIDE_2.1.0/STM32CubeIDE/plugins/com.st.stm32cube.ide.mcu.externaltools.gnu-tools-for-stm32.14.3.rel1.win32_1.0.100.202602081740/tools/bin/../lib/gcc/arm-none-eabi/14.3.1/thumb/v7e-m+fp/hard/crtend.o
LOAD C:/ST/STM32CubeIDE_2.1.0/STM32CubeIDE/plugins/com.st.stm32cube.ide.mcu.externaltools.gnu-tools-for-stm32.14.3.rel1.win32_1.0.100.202602081740/tools/bin/../lib/gcc/arm-none-eabi/14.3.1/thumb/v7e-m+fp/hard/crtn.o
                0x2001c000                        _estack = (ORIGIN (RAM) + LENGTH (RAM))
                0x00000200                        _Min_Heap_Size = 0x200
                0x00000400                        _Min_Stack_Size = 0x400

.isr_vector     0x08000000      0x1d8
                0x08000000                        . = ALIGN (0x4)
 *(.isr_vector)
 .isr_vector    0x08000000      0x1d8 ./Core/Startup/startup_stm32g491retx.o
                0x08000000                g_pfnVectors
                0x080001d8                        . = ALIGN (0x4)

.text           0x080001d8     0x1da0
                0x080001d8                        . = ALIGN (0x4)
 *(.text)
 .text          0x080001d8       0x40 C:/ST/STM32CubeIDE_2.1.0/STM32CubeIDE/plugins/com.st.stm32cube.ide.mcu.externaltools.gnu-tools-for-stm32.14.3.rel1.win32_1.0.100.202602081740/tools/bin/../lib/gcc/arm-none-eabi/14.3.1/thumb/v7e-m+fp/hard/crtbegin.o
 *(.text*)
 .text.MX_GPIO_Init
                0x08000218       0xd0 ./Core/Src/gpio.o
                0x08000218                MX_GPIO_Init
 .text.main     0x080002e8       0x24 ./Core/Src/main.o
                0x080002e8                main
 .text.SystemClock_Config
                0x0800030c       0x96 ./Core/Src/main.o
                0x0800030c                SystemClock_Config
 *fill*         0x080003a2        0x2 
 .text.HAL_TIM_PeriodElapsedCallback
                0x080003a4       0x28 ./Core/Src/main.o
                0x080003a4                HAL_TIM_PeriodElapsedCallback
 .text.Error_Handler
                0x080003cc        0xc ./Core/Src/main.o
                0x080003cc                Error_Handler
 .text.HAL_MspInit
                0x080003d8       0x48 ./Core/Src/stm32g4xx_hal_msp.o
                0x080003d8                HAL_MspInit
 .text.NMI_Handler
                0x08000420        0x8 ./Core/Src/stm32g4xx_it.o
                0x08000420                NMI_Handler
 .text.HardFault_Handler
                0x08000428        0x8 ./Core/Src/stm32g4xx_it.o
                0x08000428                HardFault_Handler
 .text.MemManage_Handler
                0x08000430        0x8 ./Core/Src/stm32g4xx_it.o
                0x08000430                MemManage_Handler
 .text.BusFault_Handler
                0x08000438        0x8 ./Core/Src/stm32g4xx_it.o
                0x08000438                BusFault_Handler
 .text.UsageFault_Handler
                0x08000440        0x8 ./Core/Src/stm32g4xx_it.o
                0x08000440                UsageFault_Handler
 .text.SVC_Handler
                0x08000448        0xe ./Core/Src/stm32g4xx_it.o
                0x08000448                SVC_Handler
 .text.DebugMon_Handler
                0x08000456        0xe ./Core/Src/stm32g4xx_it.o
                0x08000456                DebugMon_Handler
 .text.PendSV_Handler
                0x08000464        0xe ./Core/Src/stm32g4xx_it.o
                0x08000464                PendSV_Handler
 .text.SysTick_Handler
                0x08000472        0xc ./Core/Src/stm32g4xx_it.o
                0x08000472                SysTick_Handler
 *fill*         0x0800047e        0x2 
 .text.TIM6_DAC_IRQHandler
                0x08000480       0x14 ./Core/Src/stm32g4xx_it.o
                0x08000480                TIM6_DAC_IRQHandler
 .text.SystemInit
                0x08000494       0x24 ./Core/Src/system_stm32g4xx.o
                0x08000494                SystemInit
 .text.MX_TIM6_Init
                0x080004b8       0x70 ./Core/Src/tim.o
                0x080004b8                MX_TIM6_Init
 .text.HAL_TIM_Base_MspInit
                0x08000528       0x4c ./Core/Src/tim.o
                0x08000528                HAL_TIM_Base_MspInit
 .text.Reset_Handler
                0x08000574       0x50 ./Core/Startup/startup_stm32g491retx.o
                0x08000574                Reset_Handler
 .text.Default_Handler
                0x080005c4        0x2 ./Core/Startup/startup_stm32g491retx.o
                0x080005c4                RTC_Alarm_IRQHandler
                0x080005c4                EXTI2_IRQHandler
                0x080005c4                TIM8_TRG_COM_IRQHandler
                0x080005c4                TIM8_CC_IRQHandler
                0x080005c4                TIM1_CC_IRQHandler
                0x080005c4                USB_HP_IRQHandler
                0x080005c4                CORDIC_IRQHandler
                0x080005c4                DMA2_Channel8_IRQHandler
                0x080005c4                EXTI3_IRQHandler
                0x080005c4                I2C3_ER_IRQHandler
                0x080005c4                EXTI0_IRQHandler
                0x080005c4                I2C2_EV_IRQHandler
                0x080005c4                FPU_IRQHandler
                0x080005c4                FDCAN1_IT1_IRQHandler
                0x080005c4                TIM1_UP_TIM16_IRQHandler
                0x080005c4                ADC1_2_IRQHandler
                0x080005c4                SPI1_IRQHandler
                0x080005c4                TIM8_UP_IRQHandler
                0x080005c4                DMA2_Channel2_IRQHandler
                0x080005c4                DMA1_Channel4_IRQHandler
                0x080005c4                TIM20_TRG_COM_IRQHandler
                0x080005c4                USART3_IRQHandler
                0x080005c4                DMA1_Channel7_IRQHandler
                0x080005c4                UART5_IRQHandler
                0x080005c4                ADC3_IRQHandler
                0x080005c4                TIM4_IRQHandler
                0x080005c4                DMA2_Channel1_IRQHandler
                0x080005c4                QUADSPI_IRQHandler
                0x080005c4                I2C1_EV_IRQHandler
                0x080005c4                DMA1_Channel6_IRQHandler
                0x080005c4                UART4_IRQHandler
                0x080005c4                DMA2_Channel4_IRQHandler
                0x080005c4                TIM3_IRQHandler
                0x080005c4                RCC_IRQHandler
                0x080005c4                TIM20_UP_IRQHandler
                0x080005c4                DMA1_Channel1_IRQHandler
                0x080005c4                Default_Handler
                0x080005c4                DMA2_Channel7_IRQHandler
                0x080005c4                RTC_TAMP_LSECSS_IRQHandler
                0x080005c4                FMAC_IRQHandler
                0x080005c4                EXTI15_10_IRQHandler
                0x080005c4                DMA1_Channel8_IRQHandler
                0x080005c4                TIM7_IRQHandler
                0x080005c4                UCPD1_IRQHandler
                0x080005c4                I2C3_EV_IRQHandler
                0x080005c4                EXTI9_5_IRQHandler
                0x080005c4                RTC_WKUP_IRQHandler
                0x080005c4                PVD_PVM_IRQHandler
                0x080005c4                SPI2_IRQHandler
                0x080005c4                DMA2_Channel5_IRQHandler
                0x080005c4                CRS_IRQHandler
                0x080005c4                DMA1_Channel5_IRQHandler
                0x080005c4                USB_LP_IRQHandler
                0x080005c4                EXTI4_IRQHandler
                0x080005c4                RNG_IRQHandler
                0x080005c4                TIM1_TRG_COM_TIM17_IRQHandler
                0x080005c4                FDCAN2_IT1_IRQHandler
                0x080005c4                DMA1_Channel3_IRQHandler
                0x080005c4                WWDG_IRQHandler
                0x080005c4                FDCAN2_IT0_IRQHandler
                0x080005c4                LPUART1_IRQHandler
                0x080005c4                DMA2_Channel6_IRQHandler
                0x080005c4                FDCAN1_IT0_IRQHandler
                0x080005c4                TIM2_IRQHandler
                0x080005c4                COMP1_2_3_IRQHandler
                0x080005c4                EXTI1_IRQHandler
                0x080005c4                USART2_IRQHandler
                0x080005c4                TIM20_BRK_IRQHandler
                0x080005c4                I2C2_ER_IRQHandler
                0x080005c4                DMA1_Channel2_IRQHandler
                0x080005c4                TIM8_BRK_IRQHandler
                0x080005c4                FLASH_IRQHandler
                0x080005c4                TIM20_CC_IRQHandler
                0x080005c4                USART1_IRQHandler
                0x080005c4                SPI3_IRQHandler
                0x080005c4                I2C1_ER_IRQHandler
                0x080005c4                LPTIM1_IRQHandler
                0x080005c4                DMAMUX_OVR_IRQHandler
                0x080005c4                USBWakeUp_IRQHandler
                0x080005c4                SAI1_IRQHandler
                0x080005c4                DMA2_Channel3_IRQHandler
                0x080005c4                COMP4_IRQHandler
                0x080005c4                TIM1_BRK_TIM15_IRQHandler
 .text.HAL_Init
                0x080005c6       0x30 ./Drivers/STM32G4xx_HAL_Driver/Src/stm32g4xx_hal.o
                0x080005c6                HAL_Init
 *fill*         0x080005f6        0x2 
 .text.HAL_InitTick
                0x080005f8       0x74 ./Drivers/STM32G4xx_HAL_Driver/Src/stm32g4xx_hal.o
                0x080005f8                HAL_InitTick
 .text.HAL_IncTick
                0x0800066c       0x24 ./Drivers/STM32G4xx_HAL_Driver/Src/stm32g4xx_hal.o
                0x0800066c                HAL_IncTick
 .text.HAL_GetTick
                0x08000690       0x18 ./Drivers/STM32G4xx_HAL_Driver/Src/stm32g4xx_hal.o
                0x08000690                HAL_GetTick
 .text.__NVIC_SetPriorityGrouping
                0x080006a8       0x48 ./Drivers/STM32G4xx_HAL_Driver/Src/stm32g4xx_hal_cortex.o
 .text.__NVIC_GetPriorityGrouping
                0x080006f0       0x1c ./Drivers/STM32G4xx_HAL_Driver/Src/stm32g4xx_hal_cortex.o
 .text.__NVIC_EnableIRQ
                0x0800070c       0x3c ./Drivers/STM32G4xx_HAL_Driver/Src/stm32g4xx_hal_cortex.o
 .text.__NVIC_SetPriority
                0x08000748       0x54 ./Drivers/STM32G4xx_HAL_Driver/Src/stm32g4xx_hal_cortex.o
 .text.NVIC_EncodePriority
                0x0800079c       0x66 ./Drivers/STM32G4xx_HAL_Driver/Src/stm32g4xx_hal_cortex.o
 *fill*         0x08000802        0x2 
 .text.SysTick_Config
                0x08000804       0x44 ./Drivers/STM32G4xx_HAL_Driver/Src/stm32g4xx_hal_cortex.o
 .text.HAL_NVIC_SetPriorityGrouping
                0x08000848       0x16 ./Drivers/STM32G4xx_HAL_Driver/Src/stm32g4xx_hal_cortex.o
                0x08000848                HAL_NVIC_SetPriorityGrouping
 .text.HAL_NVIC_SetPriority
                0x0800085e       0x34 ./Drivers/STM32G4xx_HAL_Driver/Src/stm32g4xx_hal_cortex.o
                0x0800085e                HAL_NVIC_SetPriority
 .text.HAL_NVIC_EnableIRQ
                0x08000892       0x1c ./Drivers/STM32G4xx_HAL_Driver/Src/stm32g4xx_hal_cortex.o
                0x08000892                HAL_NVIC_EnableIRQ
 .text.HAL_SYSTICK_Config
                0x080008ae       0x18 ./Drivers/STM32G4xx_HAL_Driver/Src/stm32g4xx_hal_cortex.o
                0x080008ae                HAL_SYSTICK_Config
 *fill*         0x080008c6        0x2 
 .text.HAL_GPIO_Init
                0x080008c8      0x318 ./Drivers/STM32G4xx_HAL_Driver/Src/stm32g4xx_hal_gpio.o
                0x080008c8                HAL_GPIO_Init
 .text.HAL_GPIO_WritePin
                0x08000be0       0x30 ./Drivers/STM32G4xx_HAL_Driver/Src/stm32g4xx_hal_gpio.o
                0x08000be0                HAL_GPIO_WritePin
 .text.HAL_GPIO_TogglePin
                0x08000c10       0x34 ./Drivers/STM32G4xx_HAL_Driver/Src/stm32g4xx_hal_gpio.o
                0x08000c10                HAL_GPIO_TogglePin
 .text.HAL_PWREx_ControlVoltageScaling
                0x08000c44      0x148 ./Drivers/STM32G4xx_HAL_Driver/Src/stm32g4xx_hal_pwr_ex.o
                0x08000c44                HAL_PWREx_ControlVoltageScaling
 .text.HAL_PWREx_DisableUCPDDeadBattery
                0x08000d8c       0x20 ./Drivers/STM32G4xx_HAL_Driver/Src/stm32g4xx_hal_pwr_ex.o
                0x08000d8c                HAL_PWREx_DisableUCPDDeadBattery
 .text.HAL_RCC_OscConfig
                0x08000dac      0x624 ./Drivers/STM32G4xx_HAL_Driver/Src/stm32g4xx_hal_rcc.o
                0x08000dac                HAL_RCC_OscConfig
 .text.HAL_RCC_ClockConfig
                0x080013d0      0x278 ./Drivers/STM32G4xx_HAL_Driver/Src/stm32g4xx_hal_rcc.o
                0x080013d0                HAL_RCC_ClockConfig
 .text.HAL_RCC_GetSysClockFreq
                0x08001648       0xc4 ./Drivers/STM32G4xx_HAL_Driver/Src/stm32g4xx_hal_rcc.o
                0x08001648                HAL_RCC_GetSysClockFreq
 .text.RCC_GetSysClockFreqFromPLLSource
                0x0800170c       0x8c ./Drivers/STM32G4xx_HAL_Driver/Src/stm32g4xx_hal_rcc.o
 .text.HAL_TIM_Base_Init
                0x08001798       0xae ./Drivers/STM32G4xx_HAL_Driver/Src/stm32g4xx_hal_tim.o
                0x08001798                HAL_TIM_Base_Init
 *fill*         0x08001846        0x2 
 .text.HAL_TIM_Base_Start_IT
                0x08001848       0xe0 ./Drivers/STM32G4xx_HAL_Driver/Src/stm32g4xx_hal_tim.o
                0x08001848                HAL_TIM_Base_Start_IT
 .text.HAL_TIM_IRQHandler
                0x08001928      0x29e ./Drivers/STM32G4xx_HAL_Driver/Src/stm32g4xx_hal_tim.o
                0x08001928                HAL_TIM_IRQHandler
 .text.HAL_TIM_OC_DelayElapsedCallback
                0x08001bc6       0x14 ./Drivers/STM32G4xx_HAL_Driver/Src/stm32g4xx_hal_tim.o
                0x08001bc6                HAL_TIM_OC_DelayElapsedCallback
 .text.HAL_TIM_IC_CaptureCallback
                0x08001bda       0x14 ./Drivers/STM32G4xx_HAL_Driver/Src/stm32g4xx_hal_tim.o
                0x08001bda                HAL_TIM_IC_CaptureCallback
 .text.HAL_TIM_PWM_PulseFinishedCallback
                0x08001bee       0x14 ./Drivers/STM32G4xx_HAL_Driver/Src/stm32g4xx_hal_tim.o
                0x08001bee                HAL_TIM_PWM_PulseFinishedCallback
 .text.HAL_TIM_TriggerCallback
                0x08001c02       0x14 ./Drivers/STM32G4xx_HAL_Driver/Src/stm32g4xx_hal_tim.o
                0x08001c02                HAL_TIM_TriggerCallback
 *fill*         0x08001c16        0x2 
 .text.TIM_Base_SetConfig
                0x08001c18      0x148 ./Drivers/STM32G4xx_HAL_Driver/Src/stm32g4xx_hal_tim.o
                0x08001c18                TIM_Base_SetConfig
 .text.HAL_TIMEx_MasterConfigSynchronization
                0x08001d60      0x11c ./Drivers/STM32G4xx_HAL_Driver/Src/stm32g4xx_hal_tim_ex.o
                0x08001d60                HAL_TIMEx_MasterConfigSynchronization
 .text.HAL_TIMEx_CommutCallback
                0x08001e7c       0x14 ./Drivers/STM32G4xx_HAL_Driver/Src/stm32g4xx_hal_tim_ex.o
                0x08001e7c                HAL_TIMEx_CommutCallback
 .text.HAL_TIMEx_BreakCallback
                0x08001e90       0x14 ./Drivers/STM32G4xx_HAL_Driver/Src/stm32g4xx_hal_tim_ex.o
                0x08001e90                HAL_TIMEx_BreakCallback
 .text.HAL_TIMEx_Break2Callback
                0x08001ea4       0x14 ./Drivers/STM32G4xx_HAL_Driver/Src/stm32g4xx_hal_tim_ex.o
                0x08001ea4                HAL_TIMEx_Break2Callback
 .text.HAL_TIMEx_EncoderIndexCallback
                0x08001eb8       0x14 ./Drivers/STM32G4xx_HAL_Driver/Src/stm32g4xx_hal_tim_ex.o
                0x08001eb8                HAL_TIMEx_EncoderIndexCallback
 .text.HAL_TIMEx_DirectionChangeCallback
                0x08001ecc       0x14 ./Drivers/STM32G4xx_HAL_Driver/Src/stm32g4xx_hal_tim_ex.o
                0x08001ecc                HAL_TIMEx_DirectionChangeCallback
 .text.HAL_TIMEx_IndexErrorCallback
                0x08001ee0       0x14 ./Drivers/STM32G4xx_HAL_Driver/Src/stm32g4xx_hal_tim_ex.o
                0x08001ee0                HAL_TIMEx_IndexErrorCallback
 .text.HAL_TIMEx_TransitionErrorCallback
                0x08001ef4       0x14 ./Drivers/STM32G4xx_HAL_Driver/Src/stm32g4xx_hal_tim_ex.o
                0x08001ef4                HAL_TIMEx_TransitionErrorCallback
 .text.memset   0x08001f08       0x10 C:/ST/STM32CubeIDE_2.1.0/STM32CubeIDE/plugins/com.st.stm32cube.ide.mcu.externaltools.gnu-tools-for-stm32.14.3.rel1.win32_1.0.100.202602081740/tools/bin/../lib/gcc/arm-none-eabi/14.3.1/../../../../arm-none-eabi/lib/thumb/v7e-m+fp/hard\libc_nano.a(libc_a-memset.o)
                0x08001f08                memset
 .text.__libc_init_array
                0x08001f18       0x48 C:/ST/STM32CubeIDE_2.1.0/STM32CubeIDE/plugins/com.st.stm32cube.ide.mcu.externaltools.gnu-tools-for-stm32.14.3.rel1.win32_1.0.100.202602081740/tools/bin/../lib/gcc/arm-none-eabi/14.3.1/../../../../arm-none-eabi/lib/thumb/v7e-m+fp/hard\libc_nano.a(libc_a-init.o)
                0x08001f18                __libc_init_array
 *(.glue_7)
 .glue_7        0x08001f60        0x0 linker stubs
 *(.glue_7t)
 .glue_7t       0x08001f60        0x0 linker stubs
 *(.eh_frame)
 .eh_frame      0x08001f60        0x0 C:/ST/STM32CubeIDE_2.1.0/STM32CubeIDE/plugins/com.st.stm32cube.ide.mcu.externaltools.gnu-tools-for-stm32.14.3.rel1.win32_1.0.100.202602081740/tools/bin/../lib/gcc/arm-none-eabi/14.3.1/thumb/v7e-m+fp/hard/crtbegin.o
 *(.init)
 .init          0x08001f60        0x4 C:/ST/STM32CubeIDE_2.1.0/STM32CubeIDE/plugins/com.st.stm32cube.ide.mcu.externaltools.gnu-tools-for-stm32.14.3.rel1.win32_1.0.100.202602081740/tools/bin/../lib/gcc/arm-none-eabi/14.3.1/thumb/v7e-m+fp/hard/crti.o
                0x08001f60                _init
 .init          0x08001f64        0x8 C:/ST/STM32CubeIDE_2.1.0/STM32CubeIDE/plugins/com.st.stm32cube.ide.mcu.externaltools.gnu-tools-for-stm32.14.3.rel1.win32_1.0.100.202602081740/tools/bin/../lib/gcc/arm-none-eabi/14.3.1/thumb/v7e-m+fp/hard/crtn.o
 *(.fini)
 .fini          0x08001f6c        0x4 C:/ST/STM32CubeIDE_2.1.0/STM32CubeIDE/plugins/com.st.stm32cube.ide.mcu.externaltools.gnu-tools-for-stm32.14.3.rel1.win32_1.0.100.202602081740/tools/bin/../lib/gcc/arm-none-eabi/14.3.1/thumb/v7e-m+fp/hard/crti.o
                0x08001f6c                _fini
 .fini          0x08001f70        0x8 C:/ST/STM32CubeIDE_2.1.0/STM32CubeIDE/plugins/com.st.stm32cube.ide.mcu.externaltools.gnu-tools-for-stm32.14.3.rel1.win32_1.0.100.202602081740/tools/bin/../lib/gcc/arm-none-eabi/14.3.1/thumb/v7e-m+fp/hard/crtn.o
                0x08001f78                        . = ALIGN (0x4)
                0x08001f78                        _etext = .

.vfp11_veneer   0x08001f78        0x0
 .vfp11_veneer  0x08001f78        0x0 linker stubs

.v4_bx          0x08001f78        0x0
 .v4_bx         0x08001f78        0x0 linker stubs

.iplt           0x08001f78        0x0
 .iplt          0x08001f78        0x0 C:/ST/STM32CubeIDE_2.1.0/STM32CubeIDE/plugins/com.st.stm32cube.ide.mcu.externaltools.gnu-tools-for-stm32.14.3.rel1.win32_1.0.100.202602081740/tools/bin/../lib/gcc/arm-none-eabi/14.3.1/thumb/v7e-m+fp/hard/crtbegin.o

.rodata         0x08001f78       0x10
                0x08001f78                        . = ALIGN (0x4)
 *(.rodata)
 *(.rodata*)
 .rodata.AHBPrescTable
                0x08001f78       0x10 ./Core/Src/system_stm32g4xx.o
                0x08001f78                AHBPrescTable
                0x08001f88                        . = ALIGN (0x4)

.ARM.extab      0x08001f88        0x0
                0x08001f88                        . = ALIGN (0x4)
 *(.ARM.extab* .gnu.linkonce.armextab.*)
                0x08001f88                        . = ALIGN (0x4)

.ARM            0x08001f88        0x0
                0x08001f88                        . = ALIGN (0x4)
                0x08001f88                        __exidx_start = .
 *(.ARM.exidx*)
                0x08001f88                        __exidx_end = .
                0x08001f88                        . = ALIGN (0x4)

.preinit_array  0x08001f88        0x0
                0x08001f88                        . = ALIGN (0x4)
                0x08001f88                        PROVIDE (__preinit_array_start = .)
 *(.preinit_array*)
                0x08001f88                        PROVIDE (__preinit_array_end = .)
                0x08001f88                        . = ALIGN (0x4)

.init_array     0x08001f88        0x4
                0x08001f88                        . = ALIGN (0x4)
                0x08001f88                        PROVIDE (__init_array_start = .)
 *(SORT_BY_NAME(.init_array.*))
 *(.init_array*)
 .init_array    0x08001f88        0x4 C:/ST/STM32CubeIDE_2.1.0/STM32CubeIDE/plugins/com.st.stm32cube.ide.mcu.externaltools.gnu-tools-for-stm32.14.3.rel1.win32_1.0.100.202602081740/tools/bin/../lib/gcc/arm-none-eabi/14.3.1/thumb/v7e-m+fp/hard/crtbegin.o
                0x08001f8c                        PROVIDE (__init_array_end = .)
                0x08001f8c                        . = ALIGN (0x4)

.fini_array     0x08001f8c        0x4
                0x08001f8c                        . = ALIGN (0x4)
                [!provide]                        PROVIDE (__fini_array_start = .)
 *(SORT_BY_NAME(.fini_array.*))
 *(.fini_array*)
 .fini_array    0x08001f8c        0x4 C:/ST/STM32CubeIDE_2.1.0/STM32CubeIDE/plugins/com.st.stm32cube.ide.mcu.externaltools.gnu-tools-for-stm32.14.3.rel1.win32_1.0.100.202602081740/tools/bin/../lib/gcc/arm-none-eabi/14.3.1/thumb/v7e-m+fp/hard/crtbegin.o
                [!provide]                        PROVIDE (__fini_array_end = .)
                0x08001f90                        . = ALIGN (0x4)
                0x08001f90                        _sidata = LOADADDR (.data)

.rel.dyn        0x08001f90        0x0
 .rel.iplt      0x08001f90        0x0 C:/ST/STM32CubeIDE_2.1.0/STM32CubeIDE/plugins/com.st.stm32cube.ide.mcu.externaltools.gnu-tools-for-stm32.14.3.rel1.win32_1.0.100.202602081740/tools/bin/../lib/gcc/arm-none-eabi/14.3.1/thumb/v7e-m+fp/hard/crtbegin.o

.data           0x20000000        0xc load address 0x08001f90
                0x20000000                        . = ALIGN (0x4)
                0x20000000                        _sdata = .
 *(.data)
 *(.data*)
 .data.SystemCoreClock
                0x20000000        0x4 ./Core/Src/system_stm32g4xx.o
                0x20000000                SystemCoreClock
 .data.uwTickPrio
                0x20000004        0x4 ./Drivers/STM32G4xx_HAL_Driver/Src/stm32g4xx_hal.o
                0x20000004                uwTickPrio
 .data.uwTickFreq
                0x20000008        0x4 ./Drivers/STM32G4xx_HAL_Driver/Src/stm32g4xx_hal.o
                0x20000008                uwTickFreq
 *(.RamFunc)
 *(.RamFunc*)
                0x2000000c                        . = ALIGN (0x4)
                0x2000000c                        _edata = .

.igot.plt       0x2000000c        0x0 load address 0x08001f9c
 .igot.plt      0x2000000c        0x0 C:/ST/STM32CubeIDE_2.1.0/STM32CubeIDE/plugins/com.st.stm32cube.ide.mcu.externaltools.gnu-tools-for-stm32.14.3.rel1.win32_1.0.100.202602081740/tools/bin/../lib/gcc/arm-none-eabi/14.3.1/thumb/v7e-m+fp/hard/crtbegin.o
                0x2000000c                        . = ALIGN (0x4)

.bss            0x2000000c       0x6c load address 0x08001f9c
                0x2000000c                        _sbss = .
                0x2000000c                        __bss_start__ = _sbss
 *(.bss)
 .bss           0x2000000c       0x1c C:/ST/STM32CubeIDE_2.1.0/STM32CubeIDE/plugins/com.st.stm32cube.ide.mcu.externaltools.gnu-tools-for-stm32.14.3.rel1.win32_1.0.100.202602081740/tools/bin/../lib/gcc/arm-none-eabi/14.3.1/thumb/v7e-m+fp/hard/crtbegin.o
 *(.bss*)
 .bss.htim6     0x20000028       0x4c ./Core/Src/tim.o
                0x20000028                htim6
 .bss.uwTick    0x20000074        0x4 ./Drivers/STM32G4xx_HAL_Driver/Src/stm32g4xx_hal.o
                0x20000074                uwTick
 *(COMMON)
                0x20000078                        . = ALIGN (0x4)
                0x20000078                        _ebss = .
                0x20000078                        __bss_end__ = _ebss

._user_heap_stack
                0x20000078      0x600 load address 0x08001f9c
                0x20000078                        . = ALIGN (0x8)
                [!provide]                        PROVIDE (end = .)
                0x20000078                        PROVIDE (_end = .)
                0x20000278                        . = (. + _Min_Heap_Size)
 *fill*         0x20000078      0x200 
                0x20000678                        . = (. + _Min_Stack_Size)
 *fill*         0x20000278      0x400 
                0x20000678                        . = ALIGN (0x8)

/DISCARD/
 libc.a(*)
 libm.a(*)
 libgcc.a(*)

.ARM.attributes
                0x00000000       0x30
 *(.ARM.attributes)
 .ARM.attributes
                0x00000000       0x22 C:/ST/STM32CubeIDE_2.1.0/STM32CubeIDE/plugins/com.st.stm32cube.ide.mcu.externaltools.gnu-tools-for-stm32.14.3.rel1.win32_1.0.100.202602081740/tools/bin/../lib/gcc/arm-none-eabi/14.3.1/thumb/v7e-m+fp/hard/crti.o
 .ARM.attributes
                0x00000022       0x34 C:/ST/STM32CubeIDE_2.1.0/STM32CubeIDE/plugins/com.st.stm32cube.ide.mcu.externaltools.gnu-tools-for-stm32.14.3.rel1.win32_1.0.100.202602081740/tools/bin/../lib/gcc/arm-none-eabi/14.3.1/thumb/v7e-m+fp/hard/crtbegin.o
 .ARM.attributes
                0x00000056       0x34 ./Core/Src/gpio.o
 .ARM.attributes
                0x0000008a       0x34 ./Core/Src/main.o
 .ARM.attributes
                0x000000be       0x34 ./Core/Src/stm32g4xx_hal_msp.o
 .ARM.attributes
                0x000000f2       0x34 ./Core/Src/stm32g4xx_it.o
 .ARM.attributes
                0x00000126       0x34 ./Core/Src/system_stm32g4xx.o
 .ARM.attributes
                0x0000015a       0x34 ./Core/Src/tim.o
 .ARM.attributes
                0x0000018e       0x21 ./Core/Startup/startup_stm32g491retx.o
 .ARM.attributes
                0x000001af       0x34 ./Drivers/STM32G4xx_HAL_Driver/Src/stm32g4xx_hal.o
 .ARM.attributes
                0x000001e3       0x34 ./Drivers/STM32G4xx_HAL_Driver/Src/stm32g4xx_hal_cortex.o
 .ARM.attributes
                0x00000217       0x34 ./Drivers/STM32G4xx_HAL_Driver/Src/stm32g4xx_hal_gpio.o
 .ARM.attributes
                0x0000024b       0x34 ./Drivers/STM32G4xx_HAL_Driver/Src/stm32g4xx_hal_pwr_ex.o
 .ARM.attributes
                0x0000027f       0x34 ./Drivers/STM32G4xx_HAL_Driver/Src/stm32g4xx_hal_rcc.o
 .ARM.attributes
                0x000002b3       0x34 ./Drivers/STM32G4xx_HAL_Driver/Src/stm32g4xx_hal_tim.o
 .ARM.attributes
                0x000002e7       0x34 ./Drivers/STM32G4xx_HAL_Driver/Src/stm32g4xx_hal_tim_ex.o
 .ARM.attributes
                0x0000031b       0x34 C:/ST/STM32CubeIDE_2.1.0/STM32CubeIDE/plugins/com.st.stm32cube.ide.mcu.externaltools.gnu-tools-for-stm32.14.3.rel1.win32_1.0.100.202602081740/tools/bin/../lib/gcc/arm-none-eabi/14.3.1/../../../../arm-none-eabi/lib/thumb/v7e-m+fp/hard\libc_nano.a(libc_a-memset.o)
 .ARM.attributes
                0x0000034f       0x34 C:/ST/STM32CubeIDE_2.1.0/STM32CubeIDE/plugins/com.st.stm32cube.ide.mcu.externaltools.gnu-tools-for-stm32.14.3.rel1.win32_1.0.100.202602081740/tools/bin/../lib/gcc/arm-none-eabi/14.3.1/../../../../arm-none-eabi/lib/thumb/v7e-m+fp/hard\libc_nano.a(libc_a-init.o)
 .ARM.attributes
                0x00000383       0x22 C:/ST/STM32CubeIDE_2.1.0/STM32CubeIDE/plugins/com.st.stm32cube.ide.mcu.externaltools.gnu-tools-for-stm32.14.3.rel1.win32_1.0.100.202602081740/tools/bin/../lib/gcc/arm-none-eabi/14.3.1/thumb/v7e-m+fp/hard/crtn.o
OUTPUT(ProjectDraftlab2.elf elf32-littlearm)
LOAD linker stubs
LOAD C:/ST/STM32CubeIDE_2.1.0/STM32CubeIDE/plugins/com.st.stm32cube.ide.mcu.externaltools.gnu-tools-for-stm32.14.3.rel1.win32_1.0.100.202602081740/tools/bin/../lib/gcc/arm-none-eabi/14.3.1/../../../../arm-none-eabi/lib/thumb/v7e-m+fp/hard\libc.a
LOAD C:/ST/STM32CubeIDE_2.1.0/STM32CubeIDE/plugins/com.st.stm32cube.ide.mcu.externaltools.gnu-tools-for-stm32.14.3.rel1.win32_1.0.100.202602081740/tools/bin/../lib/gcc/arm-none-eabi/14.3.1/../../../../arm-none-eabi/lib/thumb/v7e-m+fp/hard\libm.a
LOAD C:/ST/STM32CubeIDE_2.1.0/STM32CubeIDE/plugins/com.st.stm32cube.ide.mcu.externaltools.gnu-tools-for-stm32.14.3.rel1.win32_1.0.100.202602081740/tools/bin/../lib/gcc/arm-none-eabi/14.3.1/thumb/v7e-m+fp/hard\libgcc.a

.debug_info     0x00000000     0xad9a
 .debug_info    0x00000000      0x49c ./Core/Src/gpio.o
 .debug_info    0x0000049c      0xb40 ./Core/Src/main.o
 .debug_info    0x00000fdc      0x2da ./Core/Src/stm32g4xx_hal_msp.o
 .debug_info    0x000012b6      0x878 ./Core/Src/stm32g4xx_it.o
 .debug_info    0x00001b2e      0x58e ./Core/Src/system_stm32g4xx.o
 .debug_info    0x000020bc      0xdc0 ./Core/Src/tim.o
 .debug_info    0x00002e7c       0x30 ./Core/Startup/startup_stm32g491retx.o
 .debug_info    0x00002eac      0xb29 ./Drivers/STM32G4xx_HAL_Driver/Src/stm32g4xx_hal.o
 .debug_info    0x000039d5      0xd8d ./Drivers/STM32G4xx_HAL_Driver/Src/stm32g4xx_hal_cortex.o
 .debug_info    0x00004762      0x772 ./Drivers/STM32G4xx_HAL_Driver/Src/stm32g4xx_hal_gpio.o
 .debug_info    0x00004ed4      0x944 ./Drivers/STM32G4xx_HAL_Driver/Src/stm32g4xx_hal_pwr_ex.o
 .debug_info    0x00005818      0xb9b ./Drivers/STM32G4xx_HAL_Driver/Src/stm32g4xx_hal_rcc.o
 .debug_info    0x000063b3     0x2c52 ./Drivers/STM32G4xx_HAL_Driver/Src/stm32g4xx_hal_tim.o
 .debug_info    0x00009005     0x1d95 ./Drivers/STM32G4xx_HAL_Driver/Src/stm32g4xx_hal_tim_ex.o

.debug_abbrev   0x00000000     0x1b82
 .debug_abbrev  0x00000000      0x159 ./Core/Src/gpio.o
 .debug_abbrev  0x00000159      0x26a ./Core/Src/main.o
 .debug_abbrev  0x000003c3       0xd9 ./Core/Src/stm32g4xx_hal_msp.o
 .debug_abbrev  0x0000049c      0x1c2 ./Core/Src/stm32g4xx_it.o
 .debug_abbrev  0x0000065e      0x11a ./Core/Src/system_stm32g4xx.o
 .debug_abbrev  0x00000778      0x226 ./Core/Src/tim.o
 .debug_abbrev  0x0000099e       0x24 ./Core/Startup/startup_stm32g491retx.o
 .debug_abbrev  0x000009c2      0x271 ./Drivers/STM32G4xx_HAL_Driver/Src/stm32g4xx_hal.o
 .debug_abbrev  0x00000c33      0x31c ./Drivers/STM32G4xx_HAL_Driver/Src/stm32g4xx_hal_cortex.o
 .debug_abbrev  0x00000f4f      0x1d2 ./Drivers/STM32G4xx_HAL_Driver/Src/stm32g4xx_hal_gpio.o
 .debug_abbrev  0x00001121      0x22c ./Drivers/STM32G4xx_HAL_Driver/Src/stm32g4xx_hal_pwr_ex.o
 .debug_abbrev  0x0000134d      0x2c9 ./Drivers/STM32G4xx_HAL_Driver/Src/stm32g4xx_hal_rcc.o
 .debug_abbrev  0x00001616      0x2a7 ./Drivers/STM32G4xx_HAL_Driver/Src/stm32g4xx_hal_tim.o
 .debug_abbrev  0x000018bd      0x2c5 ./Drivers/STM32G4xx_HAL_Driver/Src/stm32g4xx_hal_tim_ex.o

.debug_aranges  0x00000000      0xc20
 .debug_aranges
                0x00000000       0x20 ./Core/Src/gpio.o
 .debug_aranges
                0x00000020       0x38 ./Core/Src/main.o
 .debug_aranges
                0x00000058       0x20 ./Core/Src/stm32g4xx_hal_msp.o
 .debug_aranges
                0x00000078       0x68 ./Core/Src/stm32g4xx_it.o
 .debug_aranges
                0x000000e0       0x28 ./Core/Src/system_stm32g4xx.o
 .debug_aranges
                0x00000108       0x30 ./Core/Src/tim.o
 .debug_aranges
                0x00000138       0x28 ./Core/Startup/startup_stm32g491retx.o
 .debug_aranges
                0x00000160      0x148 ./Drivers/STM32G4xx_HAL_Driver/Src/stm32g4xx_hal.o
 .debug_aranges
                0x000002a8      0x128 ./Drivers/STM32G4xx_HAL_Driver/Src/stm32g4xx_hal_cortex.o
 .debug_aranges
                0x000003d0       0x58 ./Drivers/STM32G4xx_HAL_Driver/Src/stm32g4xx_hal_gpio.o
 .debug_aranges
                0x00000428      0x140 ./Drivers/STM32G4xx_HAL_Driver/Src/stm32g4xx_hal_pwr_ex.o
 .debug_aranges
                0x00000568       0x98 ./Drivers/STM32G4xx_HAL_Driver/Src/stm32g4xx_hal_rcc.o
 .debug_aranges
                0x00000600      0x3e0 ./Drivers/STM32G4xx_HAL_Driver/Src/stm32g4xx_hal_tim.o
 .debug_aranges
                0x000009e0      0x240 ./Drivers/STM32G4xx_HAL_Driver/Src/stm32g4xx_hal_tim_ex.o

.debug_rnglists
                0x00000000      0x950
 .debug_rnglists
                0x00000000       0x14 ./Core/Src/gpio.o
 .debug_rnglists
                0x00000014       0x26 ./Core/Src/main.o
 .debug_rnglists
                0x0000003a       0x13 ./Core/Src/stm32g4xx_hal_msp.o
 .debug_rnglists
                0x0000004d       0x49 ./Core/Src/stm32g4xx_it.o
 .debug_rnglists
                0x00000096       0x1a ./Core/Src/system_stm32g4xx.o
 .debug_rnglists
                0x000000b0       0x1f ./Core/Src/tim.o
 .debug_rnglists
                0x000000cf       0x19 ./Core/Startup/startup_stm32g491retx.o
 .debug_rnglists
                0x000000e8       0xf1 ./Drivers/STM32G4xx_HAL_Driver/Src/stm32g4xx_hal.o
 .debug_rnglists
                0x000001d9       0xda ./Drivers/STM32G4xx_HAL_Driver/Src/stm32g4xx_hal_cortex.o
 .debug_rnglists
                0x000002b3       0x3f ./Drivers/STM32G4xx_HAL_Driver/Src/stm32g4xx_hal_gpio.o
 .debug_rnglists
                0x000002f2       0xf1 ./Drivers/STM32G4xx_HAL_Driver/Src/stm32g4xx_hal_pwr_ex.o
 .debug_rnglists
                0x000003e3       0x74 ./Drivers/STM32G4xx_HAL_Driver/Src/stm32g4xx_hal_rcc.o
 .debug_rnglists
                0x00000457      0x32d ./Drivers/STM32G4xx_HAL_Driver/Src/stm32g4xx_hal_tim.o
 .debug_rnglists
                0x00000784      0x1cc ./Drivers/STM32G4xx_HAL_Driver/Src/stm32g4xx_hal_tim_ex.o

.debug_macro    0x00000000    0x1d9fd
 .debug_macro   0x00000000      0x1d3 ./Core/Src/gpio.o
 .debug_macro   0x000001d3      0xad8 ./Core/Src/gpio.o
 .debug_macro   0x00000cab      0x155 ./Core/Src/gpio.o
 .debug_macro   0x00000e00       0x2e ./Core/Src/gpio.o
 .debug_macro   0x00000e2e       0x28 ./Core/Src/gpio.o
 .debug_macro   0x00000e56       0x22 ./Core/Src/gpio.o
 .debug_macro   0x00000e78       0x8e ./Core/Src/gpio.o
 .debug_macro   0x00000f06       0x51 ./Core/Src/gpio.o
 .debug_macro   0x00000f57      0x103 ./Core/Src/gpio.o
 .debug_macro   0x0000105a       0x6a ./Core/Src/gpio.o
 .debug_macro   0x000010c4      0x1df ./Core/Src/gpio.o
 .debug_macro   0x000012a3       0x1c ./Core/Src/gpio.o
 .debug_macro   0x000012bf       0x22 ./Core/Src/gpio.o
 .debug_macro   0x000012e1       0xfb ./Core/Src/gpio.o
 .debug_macro   0x000013dc     0x1011 ./Core/Src/gpio.o
 .debug_macro   0x000023ed      0x11f ./Core/Src/gpio.o
 .debug_macro   0x0000250c    0x11e7f ./Core/Src/gpio.o
 .debug_macro   0x0001438b       0x6d ./Core/Src/gpio.o
 .debug_macro   0x000143f8     0x3558 ./Core/Src/gpio.o
 .debug_macro   0x00017950      0x190 ./Core/Src/gpio.o
 .debug_macro   0x00017ae0       0x5c ./Core/Src/gpio.o
 .debug_macro   0x00017b3c     0x1535 ./Core/Src/gpio.o
 .debug_macro   0x00019071      0x5cf ./Core/Src/gpio.o
 .debug_macro   0x00019640      0x1b6 ./Core/Src/gpio.o
 .debug_macro   0x000197f6      0x2d0 ./Core/Src/gpio.o
 .debug_macro   0x00019ac6      0x4a2 ./Core/Src/gpio.o
 .debug_macro   0x00019f68      0x18b ./Core/Src/gpio.o
 .debug_macro   0x0001a0f3       0x43 ./Core/Src/gpio.o
 .debug_macro   0x0001a136      0x23d ./Core/Src/gpio.o
 .debug_macro   0x0001a373      0x211 ./Core/Src/gpio.o
 .debug_macro   0x0001a584      0x416 ./Core/Src/gpio.o
 .debug_macro   0x0001a99a      0x10e ./Core/Src/gpio.o
 .debug_macro   0x0001aaa8      0x122 ./Core/Src/gpio.o
 .debug_macro   0x0001abca      0x3d1 ./Core/Src/gpio.o
 .debug_macro   0x0001af9b      0xbe8 ./Core/Src/gpio.o
 .debug_macro   0x0001bb83      0x4ee ./Core/Src/gpio.o
 .debug_macro   0x0001c071      0x321 ./Core/Src/gpio.o
 .debug_macro   0x0001c392       0x7c ./Core/Src/gpio.o
 .debug_macro   0x0001c40e      0x1e1 ./Core/Src/main.o
 .debug_macro   0x0001c5ef      0x1c9 ./Core/Src/stm32g4xx_hal_msp.o
 .debug_macro   0x0001c7b8      0x1d3 ./Core/Src/stm32g4xx_it.o
 .debug_macro   0x0001c98b      0x1ba ./Core/Src/system_stm32g4xx.o
 .debug_macro   0x0001cb45      0x1d3 ./Core/Src/tim.o
 .debug_macro   0x0001cd18      0x208 ./Drivers/STM32G4xx_HAL_Driver/Src/stm32g4xx_hal.o
 .debug_macro   0x0001cf20      0x1ba ./Drivers/STM32G4xx_HAL_Driver/Src/stm32g4xx_hal_cortex.o
 .debug_macro   0x0001d0da      0x1c1 ./Drivers/STM32G4xx_HAL_Driver/Src/stm32g4xx_hal_gpio.o
 .debug_macro   0x0001d29b      0x1e4 ./Drivers/STM32G4xx_HAL_Driver/Src/stm32g4xx_hal_pwr_ex.o
 .debug_macro   0x0001d47f      0x1fc ./Drivers/STM32G4xx_HAL_Driver/Src/stm32g4xx_hal_rcc.o
 .debug_macro   0x0001d67b      0x1c2 ./Drivers/STM32G4xx_HAL_Driver/Src/stm32g4xx_hal_tim.o
 .debug_macro   0x0001d83d      0x1c0 ./Drivers/STM32G4xx_HAL_Driver/Src/stm32g4xx_hal_tim_ex.o

.debug_line     0x00000000     0xcec9
 .debug_line    0x00000000      0x752 ./Core/Src/gpio.o
 .debug_line    0x00000752      0x7d8 ./Core/Src/main.o
 .debug_line    0x00000f2a      0x733 ./Core/Src/stm32g4xx_hal_msp.o
 .debug_line    0x0000165d      0x7f9 ./Core/Src/stm32g4xx_it.o
 .debug_line    0x00001e56      0x79f ./Core/Src/system_stm32g4xx.o
 .debug_line    0x000025f5      0x795 ./Core/Src/tim.o
 .debug_line    0x00002d8a       0x7b ./Core/Startup/startup_stm32g491retx.o
 .debug_line    0x00002e05      0xb6e ./Drivers/STM32G4xx_HAL_Driver/Src/stm32g4xx_hal.o
 .debug_line    0x00003973      0xcd0 ./Drivers/STM32G4xx_HAL_Driver/Src/stm32g4xx_hal_cortex.o
 .debug_line    0x00004643      0xb57 ./Drivers/STM32G4xx_HAL_Driver/Src/stm32g4xx_hal_gpio.o
 .debug_line    0x0000519a      0xcca ./Drivers/STM32G4xx_HAL_Driver/Src/stm32g4xx_hal_pwr_ex.o
 .debug_line    0x00005e64      0xfee ./Drivers/STM32G4xx_HAL_Driver/Src/stm32g4xx_hal_rcc.o
 .debug_line    0x00006e52     0x4074 ./Drivers/STM32G4xx_HAL_Driver/Src/stm32g4xx_hal_tim.o
 .debug_line    0x0000aec6     0x2003 ./Drivers/STM32G4xx_HAL_Driver/Src/stm32g4xx_hal_tim_ex.o

.debug_str      0x00000000    0xc3159
 .debug_str     0x00000000    0xc3159 ./Core/Src/gpio.o
                              0xbf758 (size before relaxing)
 .debug_str     0x000c3159    0xbfdb9 ./Core/Src/main.o
 .debug_str     0x000c3159    0xbf69c ./Core/Src/stm32g4xx_hal_msp.o
 .debug_str     0x000c3159    0xbfbfa ./Core/Src/stm32g4xx_it.o
 .debug_str     0x000c3159    0xbf52d ./Core/Src/system_stm32g4xx.o
 .debug_str     0x000c3159    0xc0302 ./Core/Src/tim.o
 .debug_str     0x000c3159       0x75 ./Core/Startup/startup_stm32g491retx.o
 .debug_str     0x000c3159    0xc0138 ./Drivers/STM32G4xx_HAL_Driver/Src/stm32g4xx_hal.o
 .debug_str     0x000c3159    0xbfdf4 ./Drivers/STM32G4xx_HAL_Driver/Src/stm32g4xx_hal_cortex.o
 .debug_str     0x000c3159    0xbf6b8 ./Drivers/STM32G4xx_HAL_Driver/Src/stm32g4xx_hal_gpio.o
 .debug_str     0x000c3159    0xbfa1b ./Drivers/STM32G4xx_HAL_Driver/Src/stm32g4xx_hal_pwr_ex.o
 .debug_str     0x000c3159    0xbfc26 ./Drivers/STM32G4xx_HAL_Driver/Src/stm32g4xx_hal_rcc.o
 .debug_str     0x000c3159    0xc0a2b ./Drivers/STM32G4xx_HAL_Driver/Src/stm32g4xx_hal_tim.o
 .debug_str     0x000c3159    0xc069f ./Drivers/STM32G4xx_HAL_Driver/Src/stm32g4xx_hal_tim_ex.o

.comment        0x00000000       0x43
 .comment       0x00000000       0x43 ./Core/Src/gpio.o
                                 0x44 (size before relaxing)
 .comment       0x00000043       0x44 ./Core/Src/main.o
 .comment       0x00000043       0x44 ./Core/Src/stm32g4xx_hal_msp.o
 .comment       0x00000043       0x44 ./Core/Src/stm32g4xx_it.o
 .comment       0x00000043       0x44 ./Core/Src/system_stm32g4xx.o
 .comment       0x00000043       0x44 ./Core/Src/tim.o
 .comment       0x00000043       0x44 ./Drivers/STM32G4xx_HAL_Driver/Src/stm32g4xx_hal.o
 .comment       0x00000043       0x44 ./Drivers/STM32G4xx_HAL_Driver/Src/stm32g4xx_hal_cortex.o
 .comment       0x00000043       0x44 ./Drivers/STM32G4xx_HAL_Driver/Src/stm32g4xx_hal_gpio.o
 .comment       0x00000043       0x44 ./Drivers/STM32G4xx_HAL_Driver/Src/stm32g4xx_hal_pwr_ex.o
 .comment       0x00000043       0x44 ./Drivers/STM32G4xx_HAL_Driver/Src/stm32g4xx_hal_rcc.o
 .comment       0x00000043       0x44 ./Drivers/STM32G4xx_HAL_Driver/Src/stm32g4xx_hal_tim.o
 .comment       0x00000043       0x44 ./Drivers/STM32G4xx_HAL_Driver/Src/stm32g4xx_hal_tim_ex.o

.debug_frame    0x00000000     0x2f00
 .debug_frame   0x00000000       0x34 ./Core/Src/gpio.o
 .debug_frame   0x00000034       0x8c ./Core/Src/main.o
 .debug_frame   0x000000c0       0x34 ./Core/Src/stm32g4xx_hal_msp.o
 .debug_frame   0x000000f4      0x114 ./Core/Src/stm32g4xx_it.o
 .debug_frame   0x00000208       0x50 ./Core/Src/system_stm32g4xx.o
 .debug_frame   0x00000258       0x7c ./Core/Src/tim.o
 .debug_frame   0x000002d4      0x480 ./Drivers/STM32G4xx_HAL_Driver/Src/stm32g4xx_hal.o
 .debug_frame   0x00000754      0x49c ./Drivers/STM32G4xx_HAL_Driver/Src/stm32g4xx_hal_cortex.o
 .debug_frame   0x00000bf0      0x130 ./Drivers/STM32G4xx_HAL_Driver/Src/stm32g4xx_hal_gpio.o
 .debug_frame   0x00000d20      0x46c ./Drivers/STM32G4xx_HAL_Driver/Src/stm32g4xx_hal_pwr_ex.o
 .debug_frame   0x0000118c      0x218 ./Drivers/STM32G4xx_HAL_Driver/Src/stm32g4xx_hal_rcc.o
 .debug_frame   0x000013a4     0x1144 ./Drivers/STM32G4xx_HAL_Driver/Src/stm32g4xx_hal_tim.o
 .debug_frame   0x000024e8      0x9cc ./Drivers/STM32G4xx_HAL_Driver/Src/stm32g4xx_hal_tim_ex.o
 .debug_frame   0x00002eb4       0x20 C:/ST/STM32CubeIDE_2.1.0/STM32CubeIDE/plugins/com.st.stm32cube.ide.mcu.externaltools.gnu-tools-for-stm32.14.3.rel1.win32_1.0.100.202602081740/tools/bin/../lib/gcc/arm-none-eabi/14.3.1/../../../../arm-none-eabi/lib/thumb/v7e-m+fp/hard\libc_nano.a(libc_a-memset.o)
 .debug_frame   0x00002ed4       0x2c C:/ST/STM32CubeIDE_2.1.0/STM32CubeIDE/plugins/com.st.stm32cube.ide.mcu.externaltools.gnu-tools-for-stm32.14.3.rel1.win32_1.0.100.202602081740/tools/bin/../lib/gcc/arm-none-eabi/14.3.1/../../../../arm-none-eabi/lib/thumb/v7e-m+fp/hard\libc_nano.a(libc_a-init.o)

.debug_line_str
                0x00000000       0x59
 .debug_line_str
                0x00000000       0x59 ./Core/Startup/startup_stm32g491retx.o
